00:00 +0: loading /Users/sifatullahchowdhury/Projects/Applications/balanceIQ/test/core/utils/input_validator_test.dart                                                                                 00:01 +0: loading /Users/sifatullahchowdhury/Projects/Applications/balanceIQ/test/core/utils/input_validator_test.dart                                                                                 00:01 +0: /Users/sifatullahchowdhury/Projects/Applications/balanceIQ/test/core/utils/input_validator_test.dart: InputValidator validateEmail should return null for valid email                        00:01 +1: /Users/sifatullahchowdhury/Projects/Applications/balanceIQ/test/core/utils/input_validator_test.dart: InputValidator validateEmail should return null for valid email                        00:01 +1: /Users/sifatullahchowdhury/Projects/Applications/balanceIQ/test/core/utils/input_validator_test.dart: InputValidator validateEmail should return error message for null or empty email       00:01 +2: /Users/sifatullahchowdhury/Projects/Applications/balanceIQ/test/core/utils/input_validator_test.dart: InputValidator validateEmail should return error message for null or empty email       00:01 +2: /Users/sifatullahchowdhury/Projects/Applications/balanceIQ/test/core/utils/input_validator_test.dart: InputValidator validateEmail should return error message for invalid email format      00:01 +3: /Users/sifatullahchowdhury/Projects/Applications/balanceIQ/test/core/utils/input_validator_test.dart: InputValidator validateEmail should return error message for invalid email format      00:01 +3: /Users/sifatullahchowdhury/Projects/Applications/balanceIQ/test/core/utils/input_validator_test.dart: InputValidator validatePassword should return null for valid password                  00:01 +4: /Users/sifatullahchowdhury/Projects/Applications/balanceIQ/test/core/utils/input_validator_test.dart: InputValidator validatePassword should return null for valid password                  00:01 +4: /Users/sifatullahchowdhury/Projects/Applications/balanceIQ/test/core/utils/input_validator_test.dart: InputValidator validatePassword should return error message for null or empty password 00:01 +5: /Users/sifatullahchowdhury/Projects/Applications/balanceIQ/test/core/utils/input_validator_test.dart: InputValidator validatePassword should return error message for null or empty password 00:01 +5: /Users/sifatullahchowdhury/Projects/Applications/balanceIQ/test/core/utils/input_validator_test.dart: InputValidator validatePassword should return error message for short password         00:01 +6: /Users/sifatullahchowdhury/Projects/Applications/balanceIQ/test/core/utils/input_validator_test.dart: InputValidator validatePassword should return error message for short password         00:01 +6: /Users/sifatullahchowdhury/Projects/Applications/balanceIQ/test/core/utils/input_validator_test.dart: InputValidator validatePassword should return error message for weak password          00:01 +7: /Users/sifatullahchowdhury/Projects/Applications/balanceIQ/test/core/utils/input_validator_test.dart: InputValidator validatePassword should return error message for weak password          00:01 +7: /Users/sifatullahchowdhury/Projects/Applications/balanceIQ/test/core/utils/input_validator_test.dart: InputValidator validateName should return null for valid name                          00:01 +8: /Users/sifatullahchowdhury/Projects/Applications/balanceIQ/test/core/utils/input_validator_test.dart: InputValidator validateName should return null for valid name                          00:01 +8: /Users/sifatullahchowdhury/Projects/Applications/balanceIQ/test/core/utils/input_validator_test.dart: InputValidator validateName should return error message for null or empty name         00:01 +9: /Users/sifatullahchowdhury/Projects/Applications/balanceIQ/test/core/utils/input_validator_test.dart: InputValidator validateName should return error message for null or empty name         00:01 +9: /Users/sifatullahchowdhury/Projects/Applications/balanceIQ/test/core/utils/input_validator_test.dart: InputValidator validateName should return error message for short name                 00:01 +10: /Users/sifatullahchowdhury/Projects/Applications/balanceIQ/test/core/utils/input_validator_test.dart: InputValidator validateName should return error message for short name                00:01 +10: /Users/sifatullahchowdhury/Projects/Applications/balanceIQ/test/core/utils/input_validator_test.dart: InputValidator validateName should return error message for long name                 00:01 +11: /Users/sifatullahchowdhury/Projects/Applications/balanceIQ/test/core/utils/input_validator_test.dart: InputValidator validateName should return error message for long name                 00:01 +11: /Users/sifatullahchowdhury/Projects/Applications/balanceIQ/test/core/utils/input_validator_test.dart: InputValidator validateName should return error message for invalid characters        00:01 +12: /Users/sifatullahchowdhury/Projects/Applications/balanceIQ/test/core/utils/input_validator_test.dart: InputValidator validateName should return error message for invalid characters        00:01 +12: /Users/sifatullahchowdhury/Projects/Applications/balanceIQ/test/core/utils/input_validator_test.dart: InputValidator validateAmount should return null for valid amount                     00:01 +13: /Users/sifatullahchowdhury/Projects/Applications/balanceIQ/test/core/utils/input_validator_test.dart: InputValidator validateAmount should return null for valid amount                     00:01 +13: /Users/sifatullahchowdhury/Projects/Applications/balanceIQ/test/core/utils/input_validator_test.dart: InputValidator validateAmount should return error message for null or empty amount    00:01 +14: /Users/sifatullahchowdhury/Projects/Applications/balanceIQ/test/core/utils/input_validator_test.dart: InputValidator validateAmount should return error message for null or empty amount    00:01 +14: /Users/sifatullahchowdhury/Projects/Applications/balanceIQ/test/core/utils/input_validator_test.dart: InputValidator validateAmount should return error message for non-numeric input       00:01 +15: /Users/sifatullahchowdhury/Projects/Applications/balanceIQ/test/core/utils/input_validator_test.dart: InputValidator validateAmount should return error message for non-numeric input       00:01 +15: /Users/sifatullahchowdhury/Projects/Applications/balanceIQ/test/core/utils/input_validator_test.dart: InputValidator validateAmount should return error message for zero or negative amount 00:01 +16: /Users/sifatullahchowdhury/Projects/Applications/balanceIQ/test/core/utils/input_validator_test.dart: InputValidator validateAmount should return error message for zero or negative amount 00:01 +16: /Users/sifatullahchowdhury/Projects/Applications/balanceIQ/test/core/utils/input_validator_test.dart: InputValidator sanitizeInput should remove HTML tags                                  00:01 +17: /Users/sifatullahchowdhury/Projects/Applications/balanceIQ/test/core/utils/input_validator_test.dart: InputValidator sanitizeInput should remove HTML tags                                  00:01 +17: /Users/sifatullahchowdhury/Projects/Applications/balanceIQ/test/core/utils/input_validator_test.dart: InputValidator isValidEmail should return true for valid email                        00:01 +18: /Users/sifatullahchowdhury/Projects/Applications/balanceIQ/test/core/utils/input_validator_test.dart: InputValidator isValidEmail should return true for valid email                        00:01 +18: /Users/sifatullahchowdhury/Projects/Applications/balanceIQ/test/core/utils/input_validator_test.dart: InputValidator isValidEmail should return false for invalid email                     00:01 +19: /Users/sifatullahchowdhury/Projects/Applications/balanceIQ/test/core/utils/input_validator_test.dart: InputValidator isValidEmail should return false for invalid email                     00:01 +19: loading /Users/sifatullahchowdhury/Projects/Applications/balanceIQ/test/core/utils/app_logger_test.dart                                                                                     00:01 +19: /Users/sifatullahchowdhury/Projects/Applications/balanceIQ/test/core/utils/app_logger_test.dart: AppLogger should not crash on debug calls                                                  00:01 +20: /Users/sifatullahchowdhury/Projects/Applications/balanceIQ/test/core/utils/app_logger_test.dart: AppLogger should not crash on debug calls                                                  00:01 +20: /Users/sifatullahchowdhury/Projects/Applications/balanceIQ/test/core/utils/app_logger_test.dart: AppLogger should not crash on info calls                                                   00:01 +21: /Users/sifatullahchowdhury/Projects/Applications/balanceIQ/test/core/utils/app_logger_test.dart: AppLogger should not crash on info calls                                                   00:01 +21: /Users/sifatullahchowdhury/Projects/Applications/balanceIQ/test/core/utils/app_logger_test.dart: AppLogger should not crash on warning calls                                                00:01 +22: /Users/sifatullahchowdhury/Projects/Applications/balanceIQ/test/core/utils/app_logger_test.dart: AppLogger should not crash on warning calls                                                00:01 +22: /Users/sifatullahchowdhury/Projects/Applications/balanceIQ/test/core/utils/app_logger_test.dart: AppLogger should not crash on error calls                                                  00:01 +23: /Users/sifatullahchowdhury/Projects/Applications/balanceIQ/test/core/utils/app_logger_test.dart: AppLogger should not crash on error calls                                                  00:02 +23: /Users/sifatullahchowdhury/Projects/Applications/balanceIQ/test/core/utils/app_logger_test.dart: AppLogger should not crash on error calls                                                  00:02 +23: loading /Users/sifatullahchowdhury/Projects/Applications/balanceIQ/test/core/storage/secure_storage_service_test.dart                                                                       00:02 +23: /Users/sifatullahchowdhury/Projects/Applications/balanceIQ/test/core/storage/secure_storage_service_test.dart: SecureStorageServiceImpl read calls storage.read                             00:02 +24: /Users/sifatullahchowdhury/Projects/Applications/balanceIQ/test/core/storage/secure_storage_service_test.dart: SecureStorageServiceImpl read calls storage.read                             00:02 +24: /Users/sifatullahchowdhury/Projects/Applications/balanceIQ/test/core/storage/secure_storage_service_test.dart: SecureStorageServiceImpl write calls storage.write                           00:02 +25: /Users/sifatullahchowdhury/Projects/Applications/balanceIQ/test/core/storage/secure_storage_service_test.dart: SecureStorageServiceImpl write calls storage.write                           00:02 +25: /Users/sifatullahchowdhury/Projects/Applications/balanceIQ/test/core/storage/secure_storage_service_test.dart: SecureStorageServiceImpl delete calls storage.delete                         00:02 +26: /Users/sifatullahchowdhury/Projects/Applications/balanceIQ/test/core/storage/secure_storage_service_test.dart: SecureStorageServiceImpl delete calls storage.delete                         00:02 +26: /Users/sifatullahchowdhury/Projects/Applications/balanceIQ/test/core/storage/secure_storage_service_test.dart: SecureStorageServiceImpl deleteAll calls storage.deleteAll                   00:02 +27: /Users/sifatullahchowdhury/Projects/Applications/balanceIQ/test/core/storage/secure_storage_service_test.dart: SecureStorageServiceImpl deleteAll calls storage.deleteAll                   00:02 +27: /Users/sifatullahchowdhury/Projects/Applications/balanceIQ/test/core/storage/secure_storage_service_test.dart: SecureStorageServiceImpl saveToken writes to correct key                     00:02 +28: /Users/sifatullahchowdhury/Projects/Applications/balanceIQ/test/core/storage/secure_storage_service_test.dart: SecureStorageServiceImpl saveToken writes to correct key                     00:02 +28: /Users/sifatullahchowdhury/Projects/Applications/balanceIQ/test/core/storage/secure_storage_service_test.dart: SecureStorageServiceImpl getToken reads from correct key                     00:02 +29: /Users/sifatullahchowdhury/Projects/Applications/balanceIQ/test/core/storage/secure_storage_service_test.dart: SecureStorageServiceImpl getToken reads from correct key                     00:02 +29: loading /Users/sifatullahchowdhury/Projects/Applications/balanceIQ/test/core/error/error_handler_test.dart                                                                                  00:02 +29: /Users/sifatullahchowdhury/Projects/Applications/balanceIQ/test/core/error/error_handler_test.dart: ErrorHandler should return existing AppException as is                                  00:02 +30: /Users/sifatullahchowdhury/Projects/Applications/balanceIQ/test/core/error/error_handler_test.dart: ErrorHandler should return existing AppException as is                                  00:02 +30: /Users/sifatullahchowdhury/Projects/Applications/balanceIQ/test/core/error/error_handler_test.dart: ErrorHandler should handle generic exception as UnknownException                        00:02 +31: /Users/sifatullahchowdhury/Projects/Applications/balanceIQ/test/core/error/error_handler_test.dart: ErrorHandler should handle generic exception as UnknownException                        00:02 +31: /Users/sifatullahchowdhury/Projects/Applications/balanceIQ/test/core/error/error_handler_test.dart: ErrorHandler DioException handling should handle connection timeout                     00:02 +32: /Users/sifatullahchowdhury/Projects/Applications/balanceIQ/test/core/error/error_handler_test.dart: ErrorHandler DioException handling should handle connection timeout                     00:02 +32: /Users/sifatullahchowdhury/Projects/Applications/balanceIQ/test/core/error/error_handler_test.dart: ErrorHandler DioException handling should handle bad response 401 as AuthException      00:02 +33: /Users/sifatullahchowdhury/Projects/Applications/balanceIQ/test/core/error/error_handler_test.dart: ErrorHandler DioException handling should handle bad response 401 as AuthException      00:02 +33: /Users/sifatullahchowdhury/Projects/Applications/balanceIQ/test/core/error/error_handler_test.dart: ErrorHandler DioException handling should handle bad response 500 as ServerException    00:02 +34: /Users/sifatullahchowdhury/Projects/Applications/balanceIQ/test/core/error/error_handler_test.dart: ErrorHandler DioException handling should handle bad response 500 as ServerException    00:02 +34: loading /Users/sifatullahchowdhury/Projects/Applications/balanceIQ/test/features/home/data/repositories/dashboard_repository_impl_test.dart                                                 00:02 +34: /Users/sifatullahchowdhury/Projects/Applications/balanceIQ/test/features/home/data/repositories/dashboard_repository_impl_test.dart: ... when user is logged in and remote call succeeds    00:02 +35: /Users/sifatullahchowdhury/Projects/Applications/balanceIQ/test/features/home/data/repositories/dashboard_repository_impl_test.dart: ... when user is logged in and remote call succeeds    00:02 +35: /Users/sifatullahchowdhury/Projects/Applications/balanceIQ/test/features/home/data/repositories/dashboard_repository_impl_test.dart: ... should pass date parameters to remote data source  00:02 +36: /Users/sifatullahchowdhury/Projects/Applications/balanceIQ/test/features/home/data/repositories/dashboard_repository_impl_test.dart: ... should pass date parameters to remote data source  00:02 +36: /Users/sifatullahchowdhury/Projects/Applications/balanceIQ/test/features/home/data/repositories/dashboard_repository_impl_test.dart: ... return AuthFailure when user is not logged in      00:02 +37: /Users/sifatullahchowdhury/Projects/Applications/balanceIQ/test/features/home/data/repositories/dashboard_repository_impl_test.dart: ... return AuthFailure when user is not logged in      00:02 +37: /Users/sifatullahchowdhury/Projects/Applications/balanceIQ/test/features/home/data/repositories/dashboard_repository_impl_test.dart: ... ServerFailure when remote throws FormatException   00:02 +38: /Users/sifatullahchowdhury/Projects/Applications/balanceIQ/test/features/home/data/repositories/dashboard_repository_impl_test.dart: ... ServerFailure when remote throws FormatException   00:02 +38: /Users/sifatullahchowdhury/Projects/Applications/balanceIQ/test/features/home/data/repositories/dashboard_repository_impl_test.dart: ... ServerFailure for no dashboard data available      00:02 +39: /Users/sifatullahchowdhury/Projects/Applications/balanceIQ/test/features/home/data/repositories/dashboard_repository_impl_test.dart: ... ServerFailure for no dashboard data available      00:02 +39: /Users/sifatullahchowdhury/Projects/Applications/balanceIQ/test/features/home/data/repositories/dashboard_repository_impl_test.dart: ... should return ServerFailure for connection timeout 00:02 +40: /Users/sifatullahchowdhury/Projects/Applications/balanceIQ/test/features/home/data/repositories/dashboard_repository_impl_test.dart: ... should return ServerFailure for connection timeout 00:02 +40: /Users/sifatullahchowdhury/Projects/Applications/balanceIQ/test/features/home/data/repositories/dashboard_repository_impl_test.dart: ... return ServerFailure for no internet connection    00:02 +41: /Users/sifatullahchowdhury/Projects/Applications/balanceIQ/test/features/home/data/repositories/dashboard_repository_impl_test.dart: ... return ServerFailure for no internet connection    00:02 +41: /Users/sifatullahchowdhury/Projects/Applications/balanceIQ/test/features/home/data/repositories/dashboard_repository_impl_test.dart: ... should return ServerFailure for server error       00:02 +42: /Users/sifatullahchowdhury/Projects/Applications/balanceIQ/test/features/home/data/repositories/dashboard_repository_impl_test.dart: ... should return ServerFailure for server error       00:02 +42: /Users/sifatullahchowdhury/Projects/Applications/balanceIQ/test/features/home/data/repositories/dashboard_repository_impl_test.dart: ... return generic ServerFailure for other exceptions  00:02 +43: /Users/sifatullahchowdhury/Projects/Applications/balanceIQ/test/features/home/data/repositories/dashboard_repository_impl_test.dart: ... return generic ServerFailure for other exceptions  00:02 +43: /Users/sifatullahchowdhury/Projects/Applications/balanceIQ/test/features/home/data/repositories/dashboard_repository_impl_test.dart: ... return ServerFailure for unexpected error types    00:02 +44: /Users/sifatullahchowdhury/Projects/Applications/balanceIQ/test/features/home/data/repositories/dashboard_repository_impl_test.dart: ... return ServerFailure for unexpected error types    00:03 +44: /Users/sifatullahchowdhury/Projects/Applications/balanceIQ/test/features/home/data/repositories/dashboard_repository_impl_test.dart: ... return ServerFailure for unexpected error types    00:03 +44: loading /Users/sifatullahchowdhury/Projects/Applications/balanceIQ/test/features/home/data/repositories/transaction_repository_impl_test.dart                                               00:03 +44: /Users/sifatullahchowdhury/Projects/Applications/balanceIQ/test/features/home/data/repositories/transaction_repository_impl_test.dart: ... when remote call is successful                   00:03 +45: /Users/sifatullahchowdhury/Projects/Applications/balanceIQ/test/features/home/data/repositories/transaction_repository_impl_test.dart: ... when remote call is successful                   00:03 +45: /Users/sifatullahchowdhury/Projects/Applications/balanceIQ/test/features/home/data/repositories/transaction_repository_impl_test.dart: ... ServerFailure when remote call throws exception  00:03 +46: /Users/sifatullahchowdhury/Projects/Applications/balanceIQ/test/features/home/data/repositories/transaction_repository_impl_test.dart: ... ServerFailure when remote call throws exception  00:03 +46: loading /Users/sifatullahchowdhury/Projects/Applications/balanceIQ/test/features/home/presentation/cubit/transaction_filter_cubit_test.dart                                                 00:03 +46: /Users/sifatullahchowdhury/Projects/Applications/balanceIQ/test/features/home/presentation/cubit/transaction_filter_cubit_test.dart: TransactionFilterCubit initial state has empty filters 00:03 +47: /Users/sifatullahchowdhury/Projects/Applications/balanceIQ/test/features/home/presentation/cubit/transaction_filter_cubit_test.dart: TransactionFilterCubit initial state has empty filters 00:03 +47: ... TransactionFilterCubit updateSearch updates search query                                                                                                                                00:03 +48: ... TransactionFilterCubit updateSearch updates search query                                                                                                                                00:03 +48: /Users/sifatullahchowdhury/Projects/Applications/balanceIQ/test/features/home/presentation/cubit/transaction_filter_cubit_test.dart: ... updateSearch updates search query multiple times   00:03 +49: /Users/sifatullahchowdhury/Projects/Applications/balanceIQ/test/features/home/presentation/cubit/transaction_filter_cubit_test.dart: ... updateSearch updates search query multiple times   00:03 +49: ... TransactionFilterCubit updateType updates transaction type                                                                                                                              00:03 +50: ... TransactionFilterCubit updateType updates transaction type                                                                                                                              00:03 +50: /Users/sifatullahchowdhury/Projects/Applications/balanceIQ/test/features/home/presentation/cubit/transaction_filter_cubit_test.dart: ... updateType clears transaction type when null       00:03 +51: /Users/sifatullahchowdhury/Projects/Applications/balanceIQ/test/features/home/presentation/cubit/transaction_filter_cubit_test.dart: ... updateType clears transaction type when null       00:03 +51: /Users/sifatullahchowdhury/Projects/Applications/balanceIQ/test/features/home/presentation/cubit/transaction_filter_cubit_test.dart: TransactionFilterCubit updateCategory updates category 00:03 +52: /Users/sifatullahchowdhury/Projects/Applications/balanceIQ/test/features/home/presentation/cubit/transaction_filter_cubit_test.dart: TransactionFilterCubit updateCategory updates category 00:03 +52: /Users/sifatullahchowdhury/Projects/Applications/balanceIQ/test/features/home/presentation/cubit/transaction_filter_cubit_test.dart: ... updateCategory clears category when null           00:03 +53: /Users/sifatullahchowdhury/Projects/Applications/balanceIQ/test/features/home/presentation/cubit/transaction_filter_cubit_test.dart: ... updateCategory clears category when null           00:03 +53: ... TransactionFilterCubit updateDateRange updates date range                                                                                                                               00:03 +54: ... TransactionFilterCubit updateDateRange updates date range                                                                                                                               00:03 +54: /Users/sifatullahchowdhury/Projects/Applications/balanceIQ/test/features/home/presentation/cubit/transaction_filter_cubit_test.dart: ... clears date range when both are null               00:03 +55: /Users/sifatullahchowdhury/Projects/Applications/balanceIQ/test/features/home/presentation/cubit/transaction_filter_cubit_test.dart: ... clears date range when both are null               00:03 +55: /Users/sifatullahchowdhury/Projects/Applications/balanceIQ/test/features/home/presentation/cubit/transaction_filter_cubit_test.dart: ... updateDateRange updates only start date            00:03 +56: /Users/sifatullahchowdhury/Projects/Applications/balanceIQ/test/features/home/presentation/cubit/transaction_filter_cubit_test.dart: ... updateDateRange updates only start date            00:03 +56: /Users/sifatullahchowdhury/Projects/Applications/balanceIQ/test/features/home/presentation/cubit/transaction_filter_cubit_test.dart: ... clearAllFilters resets all filters to initial state00:03 +57: /Users/sifatullahchowdhury/Projects/Applications/balanceIQ/test/features/home/presentation/cubit/transaction_filter_cubit_test.dart: ... clearAllFilters resets all filters to initial state00:03 +57: /Users/sifatullahchowdhury/Projects/Applications/balanceIQ/test/features/home/presentation/cubit/transaction_filter_cubit_test.dart: ... clearing already empty filters emits initial state 00:03 +58: /Users/sifatullahchowdhury/Projects/Applications/balanceIQ/test/features/home/presentation/cubit/transaction_filter_cubit_test.dart: ... clearing already empty filters emits initial state 00:03 +58: /Users/sifatullahchowdhury/Projects/Applications/balanceIQ/test/features/home/presentation/cubit/transaction_filter_cubit_test.dart: ... updates applies multiple filters sequentially      00:03 +59: /Users/sifatullahchowdhury/Projects/Applications/balanceIQ/test/features/home/presentation/cubit/transaction_filter_cubit_test.dart: ... updates applies multiple filters sequentially      00:04 +59: /Users/sifatullahchowdhury/Projects/Applications/balanceIQ/test/features/home/presentation/cubit/transaction_filter_cubit_test.dart: ... updates applies multiple filters sequentially      00:04 +59: loading /Users/sifatullahchowdhury/Projects/Applications/balanceIQ/test/features/home/presentation/cubit/dashboard_cubit_test.dart                                                          00:04 +59: /Users/sifatullahchowdhury/Projects/Applications/balanceIQ/test/features/home/presentation/cubit/dashboard_cubit_test.dart: DashboardCubit initial state is DashboardInitial                00:04 +60: /Users/sifatullahchowdhury/Projects/Applications/balanceIQ/test/features/home/presentation/cubit/dashboard_cubit_test.dart: DashboardCubit initial state is DashboardInitial                00:04 +60: /Users/sifatullahchowdhury/Projects/Applications/balanceIQ/test/features/home/presentation/cubit/dashboard_cubit_test.dart: ... emits [DashboardLoading, DashboardLoaded] when successful   00:04 +61: /Users/sifatullahchowdhury/Projects/Applications/balanceIQ/test/features/home/presentation/cubit/dashboard_cubit_test.dart: ... emits [DashboardLoading, DashboardLoaded] when successful   00:04 +61: /Users/sifatullahchowdhury/Projects/Applications/balanceIQ/test/features/home/presentation/cubit/dashboard_cubit_test.dart: ... DashboardLoaded] with default dates when not provided       00:04 +62: /Users/sifatullahchowdhury/Projects/Applications/balanceIQ/test/features/home/presentation/cubit/dashboard_cubit_test.dart: ... DashboardLoaded] with default dates when not provided       00:04 +62: /Users/sifatullahchowdhury/Projects/Applications/balanceIQ/test/features/home/presentation/cubit/dashboard_cubit_test.dart: ... emits [DashboardLoading, DashboardError] when usecase fails 00:04 +63: /Users/sifatullahchowdhury/Projects/Applications/balanceIQ/test/features/home/presentation/cubit/dashboard_cubit_test.dart: ... emits [DashboardLoading, DashboardError] when usecase fails 00:04 +63: /Users/sifatullahchowdhury/Projects/Applications/balanceIQ/test/features/home/presentation/cubit/dashboard_cubit_test.dart: ... emits [DashboardLoading, DashboardError] on network error   00:04 +64: /Users/sifatullahchowdhury/Projects/Applications/balanceIQ/test/features/home/presentation/cubit/dashboard_cubit_test.dart: ... emits [DashboardLoading, DashboardError] on network error   00:04 +64: /Users/sifatullahchowdhury/Projects/Applications/balanceIQ/test/features/home/presentation/cubit/dashboard_cubit_test.dart: ... refreshDashboard calls loadDashboard with provided dates    00:04 +65: /Users/sifatullahchowdhury/Projects/Applications/balanceIQ/test/features/home/presentation/cubit/dashboard_cubit_test.dart: ... refreshDashboard calls loadDashboard with provided dates    00:04 +65: loading /Users/sifatullahchowdhury/Projects/Applications/balanceIQ/test/features/home/presentation/cubit/transactions_cubit_test.dart                                                       00:04 +65: /Users/sifatullahchowdhury/Projects/Applications/balanceIQ/test/features/home/presentation/cubit/transactions_cubit_test.dart: (setUpAll)                                                   00:04 +65: /Users/sifatullahchowdhury/Projects/Applications/balanceIQ/test/features/home/presentation/cubit/transactions_cubit_test.dart: TransactionsCubit initial state is TransactionsInitial       00:04 +66: /Users/sifatullahchowdhury/Projects/Applications/balanceIQ/test/features/home/presentation/cubit/transactions_cubit_test.dart: TransactionsCubit initial state is TransactionsInitial       00:04 +66: ... TransactionsCubit loadTransactions emits [TransactionsLoading, TransactionsLoaded] when successful                                                                                      00:04 +67: ... TransactionsCubit loadTransactions emits [TransactionsLoading, TransactionsLoaded] when successful                                                                                      00:04 +67: ... TransactionsCubit loadTransactions emits [TransactionsLoading, TransactionsLoaded] with filters                                                                                         00:04 +68: ... TransactionsCubit loadTransactions emits [TransactionsLoading, TransactionsLoaded] with filters                                                                                         00:04 +68: ... TransactionsCubit loadTransactions emits [TransactionsLoading, TransactionsError] when search fails                                                                                     00:04 +69: ... TransactionsCubit loadTransactions emits [TransactionsLoading, TransactionsError] when search fails                                                                                     00:04 +69: /Users/sifatullahchowdhury/Projects/Applications/balanceIQ/test/features/home/presentation/cubit/transactions_cubit_test.dart: ... sets hasReachedMax to false when transactions equal limit00:04 +70: /Users/sifatullahchowdhury/Projects/Applications/balanceIQ/test/features/home/presentation/cubit/transactions_cubit_test.dart: ... sets hasReachedMax to false when transactions equal limit00:04 +70: ... TransactionsCubit updateTransaction emits [TransactionsLoading, TransactionsLoaded] when successful                                                                                     00:04 +71: ... TransactionsCubit updateTransaction emits [TransactionsLoading, TransactionsLoaded] when successful                                                                                     00:04 +71: ... TransactionsCubit updateTransaction emits [TransactionsLoading, TransactionsError] when update fails                                                                                    00:04 +72: ... TransactionsCubit updateTransaction emits [TransactionsLoading, TransactionsError] when update fails                                                                                    00:04 +72: ... TransactionsCubit deleteTransaction emits [TransactionsLoading, TransactionsLoaded] when successful                                                                                     00:04 +73: ... TransactionsCubit deleteTransaction emits [TransactionsLoading, TransactionsLoaded] when successful                                                                                     00:04 +73: ... TransactionsCubit deleteTransaction emits [TransactionsLoading, TransactionsError] when delete fails                                                                                    00:04 +74: ... TransactionsCubit deleteTransaction emits [TransactionsLoading, TransactionsError] when delete fails                                                                                    00:04 +74: /Users/sifatullahchowdhury/Projects/Applications/balanceIQ/test/features/home/presentation/cubit/transactions_cubit_test.dart: ... does nothing when state is not TransactionsLoaded        00:04 +75: /Users/sifatullahchowdhury/Projects/Applications/balanceIQ/test/features/home/presentation/cubit/transactions_cubit_test.dart: ... does nothing when state is not TransactionsLoaded        00:04 +75: /Users/sifatullahchowdhury/Projects/Applications/balanceIQ/test/features/home/presentation/cubit/transactions_cubit_test.dart: ... does nothing when hasReachedMax is true                  00:04 +76: /Users/sifatullahchowdhury/Projects/Applications/balanceIQ/test/features/home/presentation/cubit/transactions_cubit_test.dart: ... does nothing when hasReachedMax is true                  00:04 +76: /Users/sifatullahchowdhury/Projects/Applications/balanceIQ/test/features/home/presentation/cubit/transactions_cubit_test.dart: ... loadMoreTransactions loads more transactions successfully00:04 +77: /Users/sifatullahchowdhury/Projects/Applications/balanceIQ/test/features/home/presentation/cubit/transactions_cubit_test.dart: ... loadMoreTransactions loads more transactions successfully00:04 +77: /Users/sifatullahchowdhury/Projects/Applications/balanceIQ/test/features/home/presentation/cubit/transactions_cubit_test.dart: ... handles error when loading more transactions             00:04 +78: /Users/sifatullahchowdhury/Projects/Applications/balanceIQ/test/features/home/presentation/cubit/transactions_cubit_test.dart: ... handles error when loading more transactions             00:04 +78: /Users/sifatullahchowdhury/Projects/Applications/balanceIQ/test/features/home/presentation/cubit/transactions_cubit_test.dart: (tearDownAll)                                                00:05 +78: /Users/sifatullahchowdhury/Projects/Applications/balanceIQ/test/features/home/presentation/cubit/transactions_cubit_test.dart: (tearDownAll)                                                00:05 +78: loading /Users/sifatullahchowdhury/Projects/Applications/balanceIQ/test/features/home/presentation/widgets/transaction_detail_widgets/detail_header_test.dart                               00:05 +78: /Users/sifatullahchowdhury/Projects/Applications/balanceIQ/test/features/home/presentation/widgets/transaction_detail_widgets/detail_header_test.dart: DetailHeader renders correctly       00:06 +78: /Users/sifatullahchowdhury/Projects/Applications/balanceIQ/test/features/home/presentation/widgets/transaction_detail_widgets/detail_header_test.dart: DetailHeader renders correctly       00:06 +79: ... DetailActionButtons renders correctly                                                                                                                                                   00:06 +80: ... DetailActionButtons renders correctly                                                                                                                                                   00:06 +81: ... DetailActionButtons renders correctly                                                                                                                                                   00:07 +81: ... DetailActionButtons renders correctly                                                                                                                                                   00:07 +82: ... DetailActionButtons renders correctly                                                                                                                                                   00:07 +83: ... DetailActionButtons renders correctly                                                                                                                                                   00:07 +84: ... DetailActionButtons renders correctly                                                                                                                                                   00:07 +85: ... DetailActionButtons renders correctly                                                                                                                                                   00:07 +86: ... DetailActionButtons renders correctly                                                                                                                                                   00:07 +87: ... DetailActionButtons renders correctly                                                                                                                                                   00:07 +87: /Users/sifatullahchowdhury/Projects/Applications/balanceIQ/test/features/home/presentation/widgets/transaction_detail_widgets/detail_action_buttons_test.dart: ... and icon in edit mode    00:07 +88: /Users/sifatullahchowdhury/Projects/Applications/balanceIQ/test/features/home/presentation/widgets/transaction_detail_widgets/detail_action_buttons_test.dart: ... and icon in edit mode    00:07 +88: /Users/sifatullahchowdhury/Projects/Applications/balanceIQ/test/features/home/presentation/widgets/transaction_detail_widgets/detail_action_buttons_test.dart: ... and icon in view mode    00:07 +89: /Users/sifatullahchowdhury/Projects/Applications/balanceIQ/test/features/home/presentation/widgets/transaction_detail_widgets/detail_action_buttons_test.dart: ... and icon in view mode    00:07 +89: ... DetailActionButtons calls onDelete when delete button tapped                                                                                                                            00:07 +90: ... DetailActionButtons calls onDelete when delete button tapped                                                                                                                            00:07 +90: ... DetailActionButtons calls onSaveOrEdit when primary button tapped                                                                                                                       00:07 +90 ~1: ... DetailActionButtons calls onSaveOrEdit when primary button tapped                                                                                                                    00:07 +90 ~1: loading /Users/sifatullahchowdhury/Projects/Applications/balanceIQ/test/features/chat/presentation/cubit/chat_cubit_test.dart                                                            00:07 +90 ~1: /Users/sifatullahchowdhury/Projects/Applications/balanceIQ/test/features/chat/presentation/cubit/chat_cubit_test.dart: ChatCubit initial state is ChatInitial                            00:07 +91 ~1: /Users/sifatullahchowdhury/Projects/Applications/balanceIQ/test/features/chat/presentation/cubit/chat_cubit_test.dart: ChatCubit initial state is ChatInitial                            00:07 +91 ~1: /Users/sifatullahchowdhury/Projects/Applications/balanceIQ/test/features/chat/presentation/cubit/chat_cubit_test.dart: ChatCubit emits ChatLoaded when loadChatHistory succeeds          00:07 +92 ~1: /Users/sifatullahchowdhury/Projects/Applications/balanceIQ/test/features/chat/presentation/cubit/chat_cubit_test.dart: ChatCubit emits ChatLoaded when loadChatHistory succeeds          00:08 +92 ~1: /Users/sifatullahchowdhury/Projects/Applications/balanceIQ/test/features/chat/presentation/cubit/chat_cubit_test.dart: ChatCubit emits ChatLoaded when loadChatHistory succeeds          00:08 +92 ~1: loading /Users/sifatullahchowdhury/Projects/Applications/balanceIQ/test/features/chat/presentation/widgets/message_bubble_widgets/user_message_bubble_test.dart                          00:08 +92 ~1: ... UserMessageBubble renders content correctly                                                                                                                                          00:08 +93 ~1: ... ChatSendButton renders correctly                                                                                                                                                     00:08 +94 ~1: ... ChatSendButton renders correctly                                                                                                                                                     00:08 +95 ~1: ... ChatSendButton renders correctly                                                                                                                                                     00:09 +95 ~1: ... ChatSendButton renders correctly                                                                                                                                                     00:09 +96 ~1: /Users/sifatullahchowdhury/Projects/Applications/balanceIQ/test/features/chat/presentation/widgets/floating_chat_input_widgets/chat_text_field_test.dart: ChatTextField renders correctly00:09 +97 ~1: /Users/sifatullahchowdhury/Projects/Applications/balanceIQ/test/features/chat/presentation/widgets/floating_chat_input_widgets/chat_text_field_test.dart: ChatTextField renders correctly00:09 +98 ~1: /Users/sifatullahchowdhury/Projects/Applications/balanceIQ/test/features/chat/presentation/widgets/floating_chat_input_widgets/chat_text_field_test.dart: ChatTextField renders correctly00:09 +99 ~1: /Users/sifatullahchowdhury/Projects/Applications/balanceIQ/test/features/chat/presentation/widgets/floating_chat_input_widgets/chat_text_field_test.dart: ChatTextField renders correctly00:09 +100 ~1: ... ChatTextField renders correctly                                                                                                                                                     00:09 +101 ~1: ... ChatTextField renders correctly                                                                                                                                                     00:09 +102 ~1: ... ChatTextField renders correctly                                                                                                                                                     00:09 +103 ~1: ... ChatTextField renders correctly                                                                                                                                                     00:09 +104 ~1: ... ChatTextField renders correctly                                                                                                                                                     00:09 +105 ~1: ... ChatTextField renders correctly                                                                                                                                                     00:09 +106 ~1: ... ChatTextField renders correctly                                                                                                                                                     00:09 +106 ~1: ... ChatTextField shows general hint when limit not reached                                                                                                                             00:10 +106 ~1: ... ChatTextField shows general hint when limit not reached                                                                                                                             00:10 +107 ~1: ... ChatTextField shows general hint when limit not reached                                                                                                                             00:10 +107 ~1: ... ChatTextField shows limit reached hint when limit reached                                                                                                                           00:10 +108 ~1: ... ChatTextField shows limit reached hint when limit reached                                                                                                                           00:10 +108 ~1: ... ChatTextField is disabled when limit reached                                                                                                                                        00:10 +109 ~1: ... ChatTextField is disabled when limit reached                                                                                                                                        00:10 +109 ~1: ... ChatTextField updates text when typing                                                                                                                                              00:10 +110 ~1: ... ChatTextField updates text when typing                                                                                                                                              00:10 +111 ~1: ... ChatTextField updates text when typing                                                                                                                                              00:10 +112 ~1: ... ChatTextField updates text when typing                                                                                                                                              00:10 +113 ~1: ... ChatTextField updates text when typing                                                                                                                                              00:10 +114 ~1: ... ChatTextField updates text when typing                                                                                                                                              00:10 +115 ~1: ... ChatTextField updates text when typing                                                                                                                                              00:10 +116 ~1: ... ChatTextField updates text when typing                                                                                                                                              00:10 +117 ~1: ... ChatTextField updates text when typing                                                                                                                                              00:10 +117 ~1: loading /Users/sifatullahchowdhury/Projects/Applications/balanceIQ/test/features/auth/presentation/cubit/login_cubit_test.dart                                                          00:10 +117 ~1: /Users/sifatullahchowdhury/Projects/Applications/balanceIQ/test/features/auth/presentation/cubit/login_cubit_test.dart: LoginCubit initial state is LoginInitial                        00:10 +118 ~1: /Users/sifatullahchowdhury/Projects/Applications/balanceIQ/test/features/auth/presentation/cubit/login_cubit_test.dart: LoginCubit initial state is LoginInitial                        00:10 +118 ~1: /Users/sifatullahchowdhury/Projects/Applications/balanceIQ/test/features/auth/presentation/cubit/login_cubit_test.dart: ... [LoginLoading, LoginSuccess] when loginWithEmail succeeds   00:10 +119 ~1: /Users/sifatullahchowdhury/Projects/Applications/balanceIQ/test/features/auth/presentation/cubit/login_cubit_test.dart: ... [LoginLoading, LoginSuccess] when loginWithEmail succeeds   00:10 +119 ~1: /Users/sifatullahchowdhury/Projects/Applications/balanceIQ/test/features/auth/presentation/cubit/login_cubit_test.dart: ... emits [LoginLoading, LoginError] when loginWithEmail fails  00:10 +120 ~1: /Users/sifatullahchowdhury/Projects/Applications/balanceIQ/test/features/auth/presentation/cubit/login_cubit_test.dart: ... emits [LoginLoading, LoginError] when loginWithEmail fails  00:10 +120 ~1: /Users/sifatullahchowdhury/Projects/Applications/balanceIQ/test/features/auth/presentation/cubit/login_cubit_test.dart: ... [LoginLoading, LoginSuccess] when signInGoogle succeeds     00:10 +121 ~1: /Users/sifatullahchowdhury/Projects/Applications/balanceIQ/test/features/auth/presentation/cubit/login_cubit_test.dart: ... [LoginLoading, LoginSuccess] when signInGoogle succeeds     00:10 +121 ~1: /Users/sifatullahchowdhury/Projects/Applications/balanceIQ/test/features/auth/presentation/cubit/login_cubit_test.dart: ... emits [LoginLoading, LoginError] when signInGoogle fails    00:10 +122 ~1: /Users/sifatullahchowdhury/Projects/Applications/balanceIQ/test/features/auth/presentation/cubit/login_cubit_test.dart: ... emits [LoginLoading, LoginError] when signInGoogle fails    00:10 +122 ~1: loading /Users/sifatullahchowdhury/Projects/Applications/balanceIQ/test/features/auth/presentation/cubit/signup_cubit_test.dart                                                         00:10 +122 ~1: /Users/sifatullahchowdhury/Projects/Applications/balanceIQ/test/features/auth/presentation/cubit/signup_cubit_test.dart: SignupCubit initial state is SignupInitial                     00:10 +123 ~1: /Users/sifatullahchowdhury/Projects/Applications/balanceIQ/test/features/auth/presentation/cubit/signup_cubit_test.dart: SignupCubit initial state is SignupInitial                     00:10 +123 ~1: ... SignupCubit emits [SignupLoading, SignupSuccess] when signupWithEmail succeeds                                                                                                      00:10 +124 ~1: ... SignupCubit emits [SignupLoading, SignupSuccess] when signupWithEmail succeeds                                                                                                      00:10 +124 ~1: /Users/sifatullahchowdhury/Projects/Applications/balanceIQ/test/features/auth/presentation/cubit/signup_cubit_test.dart: ... [SignupLoading, SignupError] when signupWithEmail fails    00:10 +125 ~1: /Users/sifatullahchowdhury/Projects/Applications/balanceIQ/test/features/auth/presentation/cubit/signup_cubit_test.dart: ... [SignupLoading, SignupError] when signupWithEmail fails    00:10 +125 ~1: ... SignupCubit emits [SignupLoading, SignupAuthenticated] when signInGoogle succeeds                                                                                                   00:10 +126 ~1: ... SignupCubit emits [SignupLoading, SignupAuthenticated] when signInGoogle succeeds                                                                                                   00:10 +126 ~1: ... SignupCubit emits [VerificationEmailSending, VerificationEmailSent] when sendEmailVerification succeeds                                                                             00:10 +127 ~1: ... SignupCubit emits [VerificationEmailSending, VerificationEmailSent] when sendEmailVerification succeeds                                                                             00:10 +127 ~1: ... SignupCubit emits [VerificationEmailSending, VerificationEmailSent] when resendEmailVerification succeeds                                                                           00:10 +128 ~1: ... SignupCubit emits [VerificationEmailSending, VerificationEmailSent] when resendEmailVerification succeeds                                                                           00:11 +128 ~1: ... SignupCubit emits [VerificationEmailSending, VerificationEmailSent] when resendEmailVerification succeeds                                                                           00:11 +128 ~1: loading /Users/sifatullahchowdhury/Projects/Applications/balanceIQ/test/features/auth/presentation/cubit/password_cubit_test.dart                                                       00:11 +128 ~1: /Users/sifatullahchowdhury/Projects/Applications/balanceIQ/test/features/auth/presentation/cubit/password_cubit_test.dart: PasswordCubit initial state is PasswordInitial               00:11 +129 ~1: /Users/sifatullahchowdhury/Projects/Applications/balanceIQ/test/features/auth/presentation/cubit/password_cubit_test.dart: PasswordCubit initial state is PasswordInitial               00:11 +129 ~1: ... PasswordCubit emits [PasswordLoading, PasswordChanged] when changeUserPassword succeeds                                                                                             00:11 +130 ~1: ... PasswordCubit emits [PasswordLoading, PasswordChanged] when changeUserPassword succeeds                                                                                             00:11 +130 ~1: ... PasswordCubit emits [PasswordLoading, PasswordError] when changeUserPassword fails                                                                                                  00:11 +131 ~1: ... PasswordCubit emits [PasswordLoading, PasswordError] when changeUserPassword fails                                                                                                  00:11 +131 ~1: ... PasswordCubit emits [PasswordLoading, PasswordEmailSent] when requestPasswordReset succeeds                                                                                         00:11 +132 ~1: ... PasswordCubit emits [PasswordLoading, PasswordEmailSent] when requestPasswordReset succeeds                                                                                         00:11 +132 ~1: ... PasswordCubit emits [PasswordLoading, PasswordError] when requestPasswordReset fails                                                                                                00:11 +133 ~1: ... PasswordCubit emits [PasswordLoading, PasswordError] when requestPasswordReset fails                                                                                                00:11 +133 ~1: ... PasswordCubit emits [PasswordLoading, PasswordResetSuccess] when resetUserPassword succeeds                                                                                         00:11 +134 ~1: ... PasswordCubit emits [PasswordLoading, PasswordResetSuccess] when resetUserPassword succeeds                                                                                         00:11 +134 ~1: ... PasswordCubit emits [PasswordLoading, PasswordError] when resetUserPassword fails                                                                                                   00:11 +135 ~1: ... PasswordCubit emits [PasswordLoading, PasswordError] when resetUserPassword fails                                                                                                   00:11 +135 ~1: loading /Users/sifatullahchowdhury/Projects/Applications/balanceIQ/test/features/auth/presentation/widgets/login_form_test.dart                                                         00:11 +135 ~1: /Users/sifatullahchowdhury/Projects/Applications/balanceIQ/test/features/auth/presentation/widgets/login_form_test.dart: LoginForm renders all fields and buttons                       00:12 +135 ~1: /Users/sifatullahchowdhury/Projects/Applications/balanceIQ/test/features/auth/presentation/widgets/login_form_test.dart: LoginForm renders all fields and buttons                       00:12 +135 ~1: /Users/sifatullahchowdhury/Projects/Applications/balanceIQ/test/api_integration_test.dart: Authentication API Integration Tests should successfully signup a new user                   
*** Request ***
uri: https://dolfinmind.com/api/auth/signup
method: POST
responseType: ResponseType.json
followRedirects: true
persistentConnection: true
connectTimeout: 0:00:30.000000
sendTimeout: null
receiveTimeout: 0:00:30.000000
receiveDataWhenStatusError: true
extra: {}
data:
{username: test_user_1766346811941, password: Test@123456, fullName: Test User, email: test_1766346811941@example.com}

*** DioException ***:
uri: https://dolfinmind.com/api/auth/signup
DioException [bad response]: This exception was thrown because the response has a status code of 400 and RequestOptions.validateStatus was configured to throw for this status code.
The status code of 400 has the following meaning: "Client error - the request contains bad syntax or cannot be fulfilled"
Read more about status codes at https://developer.mozilla.org/en-US/docs/Web/HTTP/Status
In order to resolve this exception you typically have either to verify and fix your request code or you have to fix the server code.

uri: https://dolfinmind.com/api/auth/signup
Response Text:



⚠️ Signup test: DioException [bad response]: This exception was thrown because the response has a status code of 400 and RequestOptions.validateStatus was configured to throw for this status code.
The status code of 400 has the following meaning: "Client error - the request contains bad syntax or cannot be fulfilled"
Read more about status codes at https://developer.mozilla.org/en-US/docs/Web/HTTP/Status
In order to resolve this exception you typically have either to verify and fix your request code or you have to fix the server code.

00:12 +136 ~1: /Users/sifatullahchowdhury/Projects/Applications/balanceIQ/test/features/auth/presentation/widgets/login_form_test.dart: LoginForm renders all fields and buttons                       00:12 +136 ~1: /Users/sifatullahchowdhury/Projects/Applications/balanceIQ/test/api_integration_test.dart: Authentication API Integration Tests should successfully login with valid credentials        
*** Request ***
uri: https://dolfinmind.com/api/auth/login
method: POST
responseType: ResponseType.json
followRedirects: true
persistentConnection: true
connectTimeout: 0:00:30.000000
sendTimeout: null
receiveTimeout: 0:00:30.000000
receiveDataWhenStatusError: true
extra: {}
data:
{username: test_user_1766346811941, password: Test@123456}

*** DioException ***:
uri: https://dolfinmind.com/api/auth/login
DioException [bad response]: This exception was thrown because the response has a status code of 400 and RequestOptions.validateStatus was configured to throw for this status code.
The status code of 400 has the following meaning: "Client error - the request contains bad syntax or cannot be fulfilled"
Read more about status codes at https://developer.mozilla.org/en-US/docs/Web/HTTP/Status
In order to resolve this exception you typically have either to verify and fix your request code or you have to fix the server code.

uri: https://dolfinmind.com/api/auth/login
Response Text:



⚠️ Login test: DioException [bad response]: This exception was thrown because the response has a status code of 400 and RequestOptions.validateStatus was configured to throw for this status code.
The status code of 400 has the following meaning: "Client error - the request contains bad syntax or cannot be fulfilled"
Read more about status codes at https://developer.mozilla.org/en-US/docs/Web/HTTP/Status
In order to resolve this exception you typically have either to verify and fix your request code or you have to fix the server code.

00:12 +137 ~1: /Users/sifatullahchowdhury/Projects/Applications/balanceIQ/test/features/auth/presentation/widgets/login_form_test.dart: LoginForm renders all fields and buttons                       00:12 +137 ~1: /Users/sifatullahchowdhury/Projects/Applications/balanceIQ/test/api_integration_test.dart: Authentication API Integration Tests should reject login with invalid credentials            
*** Request ***
uri: https://dolfinmind.com/api/auth/login
method: POST
responseType: ResponseType.json
followRedirects: true
persistentConnection: true
connectTimeout: 0:00:30.000000
sendTimeout: null
receiveTimeout: 0:00:30.000000
receiveDataWhenStatusError: true
extra: {}
data:
{username: invalid_user, password: invalid_password}

*** DioException ***:
uri: https://dolfinmind.com/api/auth/login
DioException [bad response]: This exception was thrown because the response has a status code of 400 and RequestOptions.validateStatus was configured to throw for this status code.
The status code of 400 has the following meaning: "Client error - the request contains bad syntax or cannot be fulfilled"
Read more about status codes at https://developer.mozilla.org/en-US/docs/Web/HTTP/Status
In order to resolve this exception you typically have either to verify and fix your request code or you have to fix the server code.

uri: https://dolfinmind.com/api/auth/login
Response Text:



✅ Invalid login correctly rejected
00:12 +138 ~1: /Users/sifatullahchowdhury/Projects/Applications/balanceIQ/test/features/auth/presentation/widgets/login_form_test.dart: LoginForm renders all fields and buttons                       00:12 +138 ~1: /Users/sifatullahchowdhury/Projects/Applications/balanceIQ/test/api_integration_test.dart: Authentication API Integration Tests should reject access to protected endpoint without token
*** Request ***
uri: https://dolfinmind.com/api/auth/me
method: GET
responseType: ResponseType.json
followRedirects: true
persistentConnection: true
connectTimeout: 0:00:30.000000
sendTimeout: null
receiveTimeout: 0:00:30.000000
receiveDataWhenStatusError: true
extra: {}
data:
null

*** DioException ***:
uri: https://dolfinmind.com/api/auth/me
DioException [bad response]: This exception was thrown because the response has a status code of 400 and RequestOptions.validateStatus was configured to throw for this status code.
The status code of 400 has the following meaning: "Client error - the request contains bad syntax or cannot be fulfilled"
Read more about status codes at https://developer.mozilla.org/en-US/docs/Web/HTTP/Status
In order to resolve this exception you typically have either to verify and fix your request code or you have to fix the server code.

uri: https://dolfinmind.com/api/auth/me
Response Text:



✅ Unauthorized access correctly rejected
00:12 +139 ~1: /Users/sifatullahchowdhury/Projects/Applications/balanceIQ/test/features/auth/presentation/widgets/login_form_test.dart: LoginForm renders all fields and buttons                       00:12 +139 ~1: /Users/sifatullahchowdhury/Projects/Applications/balanceIQ/test/api_integration_test.dart: Chat History API Integration Tests should fetch chat history for valid user                  
*** Request ***
uri: https://primary-production-7383b.up.railway.app/webhook/get-user-chat-history
method: POST
responseType: ResponseType.json
followRedirects: true
persistentConnection: true
connectTimeout: 0:00:30.000000
sendTimeout: null
receiveTimeout: 0:00:30.000000
receiveDataWhenStatusError: true
extra: {}
data:
{user_id: 8130001838, page: 1}

*** DioException ***:
uri: https://primary-production-7383b.up.railway.app/webhook/get-user-chat-history
DioException [bad response]: This exception was thrown because the response has a status code of 400 and RequestOptions.validateStatus was configured to throw for this status code.
The status code of 400 has the following meaning: "Client error - the request contains bad syntax or cannot be fulfilled"
Read more about status codes at https://developer.mozilla.org/en-US/docs/Web/HTTP/Status
In order to resolve this exception you typically have either to verify and fix your request code or you have to fix the server code.

uri: https://primary-production-7383b.up.railway.app/webhook/get-user-chat-history
Response Text:



⚠️ Chat history test: DioException [bad response]: This exception was thrown because the response has a status code of 400 and RequestOptions.validateStatus was configured to throw for this status code.
The status code of 400 has the following meaning: "Client error - the request contains bad syntax or cannot be fulfilled"
Read more about status codes at https://developer.mozilla.org/en-US/docs/Web/HTTP/Status
In order to resolve this exception you typically have either to verify and fix your request code or you have to fix the server code.

00:12 +140 ~1: /Users/sifatullahchowdhury/Projects/Applications/balanceIQ/test/features/auth/presentation/widgets/login_form_test.dart: LoginForm renders all fields and buttons                       00:12 +140 ~1: /Users/sifatullahchowdhury/Projects/Applications/balanceIQ/test/api_integration_test.dart: Chat History API Integration Tests should fetch chat history with custom limit               
*** Request ***
uri: https://primary-production-7383b.up.railway.app/webhook/get-user-chat-history
method: POST
responseType: ResponseType.json
followRedirects: true
persistentConnection: true
connectTimeout: 0:00:30.000000
sendTimeout: null
receiveTimeout: 0:00:30.000000
receiveDataWhenStatusError: true
extra: {}
data:
{user_id: 8130001838, page: 1, limit: 5}

*** DioException ***:
uri: https://primary-production-7383b.up.railway.app/webhook/get-user-chat-history
DioException [bad response]: This exception was thrown because the response has a status code of 400 and RequestOptions.validateStatus was configured to throw for this status code.
The status code of 400 has the following meaning: "Client error - the request contains bad syntax or cannot be fulfilled"
Read more about status codes at https://developer.mozilla.org/en-US/docs/Web/HTTP/Status
In order to resolve this exception you typically have either to verify and fix your request code or you have to fix the server code.

uri: https://primary-production-7383b.up.railway.app/webhook/get-user-chat-history
Response Text:



⚠️ Chat history custom limit test: DioException [bad response]: This exception was thrown because the response has a status code of 400 and RequestOptions.validateStatus was configured to throw for this status code.
The status code of 400 has the following meaning: "Client error - the request contains bad syntax or cannot be fulfilled"
Read more about status codes at https://developer.mozilla.org/en-US/docs/Web/HTTP/Status
In order to resolve this exception you typically have either to verify and fix your request code or you have to fix the server code.

00:12 +141 ~1: /Users/sifatullahchowdhury/Projects/Applications/balanceIQ/test/features/auth/presentation/widgets/login_form_test.dart: LoginForm renders all fields and buttons                       00:12 +141 ~1: /Users/sifatullahchowdhury/Projects/Applications/balanceIQ/test/api_integration_test.dart: Chat History API Integration Tests should reject request with invalid authorization token    
✅ Invalid token correctly rejected
00:12 +142 ~1: /Users/sifatullahchowdhury/Projects/Applications/balanceIQ/test/features/auth/presentation/widgets/login_form_test.dart: LoginForm renders all fields and buttons                       00:12 +142 ~1: /Users/sifatullahchowdhury/Projects/Applications/balanceIQ/test/api_integration_test.dart: API Integration Summary print test summary                                                   

═══════════════════════════════════════════
API Integration Test Summary
═══════════════════════════════════════════
Backend Base URL: https://dolfinmind.com
Chat History URL: https://primary-production-7383b.up.railway.app/webhook/get-user-chat-history
All tests completed successfully!
═══════════════════════════════════════════

00:12 +143 ~1: /Users/sifatullahchowdhury/Projects/Applications/balanceIQ/test/features/auth/presentation/widgets/login_form_test.dart: LoginForm renders all fields and buttons                       00:12 +144 ~1: /Users/sifatullahchowdhury/Projects/Applications/balanceIQ/test/features/auth/presentation/widgets/login_form_test.dart: LoginForm renders all fields and buttons                       00:12 +144 ~1: /Users/sifatullahchowdhury/Projects/Applications/balanceIQ/test/features/auth/presentation/widgets/login_form_test.dart: LoginForm shows validation errors when fields are empty        00:12 +145 ~1: /Users/sifatullahchowdhury/Projects/Applications/balanceIQ/test/features/auth/presentation/widgets/login_form_test.dart: LoginForm shows validation errors when fields are empty        00:12 +145 ~1: /Users/sifatullahchowdhury/Projects/Applications/balanceIQ/test/features/auth/presentation/widgets/login_form_test.dart: LoginForm toggles password visibility                          00:12 +146 ~1: /Users/sifatullahchowdhury/Projects/Applications/balanceIQ/test/features/auth/presentation/widgets/login_form_test.dart: LoginForm toggles password visibility                          00:12 +146 ~1: /Users/sifatullahchowdhury/Projects/Applications/balanceIQ/test/features/auth/presentation/widgets/login_form_test.dart: LoginForm calls loginWithEmail when form is valid              00:12 +147 ~1: /Users/sifatullahchowdhury/Projects/Applications/balanceIQ/test/features/auth/presentation/widgets/login_form_test.dart: LoginForm calls loginWithEmail when form is valid              00:12 +147 ~1: /Users/sifatullahchowdhury/Projects/Applications/balanceIQ/test/features/auth/presentation/widgets/login_form_test.dart: LoginForm calls signInGoogle when google button is tapped      00:12 +147 ~2: /Users/sifatullahchowdhury/Projects/Applications/balanceIQ/test/features/auth/presentation/widgets/login_form_test.dart: LoginForm calls signInGoogle when google button is tapped      00:12 +147 ~2: /Users/sifatullahchowdhury/Projects/Applications/balanceIQ/test/features/auth/presentation/widgets/login_form_test.dart: LoginForm shows loading indicator when state is LoginLoading   00:12 +148 ~2: /Users/sifatullahchowdhury/Projects/Applications/balanceIQ/test/features/auth/presentation/widgets/login_form_test.dart: LoginForm shows loading indicator when state is LoginLoading   00:12 +148 ~2: All tests passed!                                                                                                                                                                       
